04:10:16 learner search 'ls3_s11' seed 11, code edda1bb652cddaba
04:10:22 selfcheck generaliser: {'verdict': 'GENERALISING', 'same': 0.06476238371796159, 'effect': 0.06476238371796159, 'transfer': 0.06321937152935066}
04:10:27 selfcheck memoriser: {'verdict': 'MEMORISATION', 'same': 0.09066100137786023, 'effect': 0.09066100137786023, 'transfer': 0.0}
04:10:32 selfcheck non_learner: {'verdict': 'NO_EFFECT', 'same': 0.0, 'effect': 0.0, 'transfer': 0.0}
04:11:07 learner selfcheck band/band_pool: {'want': 'learns', 'ok': True, 'transfer': 0.10625, 'lo': 0.05, 'hi': 0.16249999999999998, 'pairs_changed': 8}
04:11:39 learner selfcheck lesson/lessons: {'want': 'learns', 'ok': True, 'transfer': 0.00469381875028463, 'lo': 0.003822605270819041, 'hi': 0.005415677007839749, 'pairs_changed': 4}
04:11:54 learner selfcheck null/band_pool: {'want': 'idle', 'ok': True, 'transfer': 0.0, 'lo': 0.0, 'hi': 0.0, 'pairs_changed': 0}
04:12:10 learner selfcheck flip/lessons: {'want': 'idle', 'ok': True, 'transfer': 0.0, 'lo': 0.0, 'hi': 0.0, 'pairs_changed': 0}
04:12:10 48 revealed windows; 16 past-only pairs: r08a->r09a, r03b->r01c, r11a->r12b, r10c->r13c, r09a->r03b, r04c->r10a, r06c->r03c, r02c->r10c, r12a->w03c, r07b->r05c, r04a->r05b, r02b->r02a, r03c->r09c, r12b->r06b, r13c->w04c, r12c->r07b
04:12:56 pair r08a->r09a: mean_week -0.0017 -> +0.0018 (44.28s)
04:13:39 pair r03b->r01c: mean_week +0.0049 -> +0.0072 (42.41s)
04:14:11 pair r11a->r12b: mean_week -0.0039 -> +0.0022 (31.31s)
04:15:42 pair r10c->r13c: mean_week +0.0024 -> +0.0024 (89.87s)
04:16:14 pair r09a->r03b: mean_week +0.0185 -> +0.0174 (31.83s)
04:17:59 pair r04c->r10a: mean_week +0.0074 -> +0.0074 (102.98s)
04:19:51 pair r06c->r03c: mean_week +0.0058 -> +0.0058 (110.05s)
04:21:05 pair r02c->r10c: mean_week +0.0054 -> +0.0054 (73.29s)
04:21:45 pair r12a->w03c: mean_week +0.0027 -> +0.0047 (39.8s)
04:22:41 pair r07b->r05c: mean_week +0.0039 -> +0.0039 (55.1s)
04:23:07 pair r04a->r05b: mean_week +0.0019 -> +0.0043 (25.24s)
04:23:42 pair r02b->r02a: mean_week +0.0098 -> +0.0077 (34.05s)
04:25:56 pair r03c->r09c: mean_week -0.0055 -> -0.0055 (132.36s)
04:26:30 pair r12b->r06b: mean_week +0.0050 -> +0.0088 (33.66s)
04:27:58 pair r13c->w04c: mean_week -0.0005 -> -0.0005 (86.84s)
04:28:46 pair r12c->r07b: mean_week +0.0031 -> +0.0031 (46.61s)
04:28:46 band_cfg: transfer in_band +0.02120 [+0.00118, +0.04833]
04:29:28 pair r08a->r09a: mean_week -0.0017 -> -0.0017 (41.79s)
04:30:13 pair r03b->r01c: mean_week +0.0049 -> +0.0049 (43.87s)
04:30:45 pair r11a->r12b: mean_week -0.0039 -> -0.0039 (31.96s)
04:32:57 pair r10c->r13c: mean_week +0.0024 -> +0.0024 (130.7s)
04:33:29 pair r09a->r03b: mean_week +0.0185 -> +0.0185 (31.87s)
04:35:35 pair r04c->r10a: mean_week +0.0074 -> +0.0074 (123.67s)
04:37:31 pair r06c->r03c: mean_week +0.0058 -> +0.0058 (114.55s)
04:38:45 pair r02c->r10c: mean_week +0.0054 -> +0.0054 (73.29s)
04:39:23 pair r12a->w03c: mean_week +0.0027 -> +0.0027 (37.11s)
04:40:19 pair r07b->r05c: mean_week +0.0039 -> +0.0039 (55.1s)
04:40:45 pair r04a->r05b: mean_week +0.0019 -> +0.0019 (25.97s)
04:41:20 pair r02b->r02a: mean_week +0.0098 -> +0.0098 (34.42s)
04:43:41 pair r03c->r09c: mean_week -0.0055 -> -0.0055 (138.43s)
04:44:15 pair r12b->r06b: mean_week +0.0050 -> +0.0050 (33.84s)
04:45:44 pair r13c->w04c: mean_week -0.0005 -> -0.0005 (87.68s)
04:46:31 pair r12c->r07b: mean_week +0.0031 -> +0.0031 (46.36s)
04:46:31 band_pool: transfer in_band +0.00000 [+0.00000, +0.00000]
04:46:58 pair r08a->r09a: mean_week -0.0017 -> -0.0017 (26.69s)
04:47:34 pair r03b->r01c: mean_week +0.0049 -> +0.0049 (34.86s)
04:48:06 pair r11a->r12b: mean_week -0.0039 -> -0.0039 (31.97s)
04:49:44 pair r10c->r13c: mean_week +0.0024 -> +0.0024 (96.74s)
04:50:18 pair r09a->r03b: mean_week +0.0185 -> +0.0185 (32.58s)
04:52:14 pair r04c->r10a: mean_week +0.0074 -> +0.0074 (114.87s)
04:54:36 pair r06c->r03c: mean_week +0.0058 -> +0.0058 (139.88s)
04:54:36 free RAM 1.21 GB < 2.5 GB; waiting
04:55:36 free RAM 1.45 GB < 2.5 GB; waiting
04:58:03 pair r02c->r10c: mean_week +0.0054 -> +0.0054 (85.12s)
04:58:42 pair r12a->w03c: mean_week +0.0027 -> +0.0027 (38.61s)
04:59:42 pair r07b->r05c: mean_week +0.0039 -> +0.0039 (58.28s)
05:00:08 pair r04a->r05b: mean_week +0.0019 -> +0.0019 (26.06s)
05:00:49 pair r02b->r02a: mean_week +0.0098 -> +0.0098 (39.53s)
05:03:19 pair r03c->r09c: mean_week -0.0055 -> -0.0055 (148.94s)
05:03:55 pair r12b->r06b: mean_week +0.0050 -> +0.0050 (34.49s)
05:05:32 pair r13c->w04c: mean_week -0.0005 -> -0.0005 (95.92s)
05:06:21 pair r12c->r07b: mean_week +0.0031 -> +0.0031 (48.52s)
05:06:22 regime_map: transfer in_band +0.00000 [+0.00000, +0.00000]
05:07:04 pair r08a->r09a: mean_week -0.0017 -> -0.0017 (41.84s)
05:07:49 pair r03b->r01c: mean_week +0.0049 -> +0.0049 (44.65s)
05:08:21 pair r11a->r12b: mean_week -0.0039 -> -0.0039 (31.55s)
05:10:37 pair r10c->r13c: mean_week +0.0024 -> +0.0024 (134.84s)
05:11:10 pair r09a->r03b: mean_week +0.0185 -> +0.0185 (31.86s)
05:13:18 pair r04c->r10a: mean_week +0.0074 -> +0.0074 (126.98s)
05:15:16 pair r06c->r03c: mean_week +0.0058 -> +0.0058 (115.83s)
05:16:30 pair r02c->r10c: mean_week +0.0054 -> +0.0054 (73.54s)
05:17:08 pair r12a->w03c: mean_week +0.0027 -> +0.0027 (37.31s)
05:18:04 pair r07b->r05c: mean_week +0.0039 -> +0.0039 (55.16s)
05:18:30 pair r04a->r05b: mean_week +0.0019 -> +0.0019 (25.69s)
05:19:06 pair r02b->r02a: mean_week +0.0098 -> +0.0098 (34.79s)
05:21:28 pair r03c->r09c: mean_week -0.0055 -> -0.0055 (140.67s)
05:22:03 pair r12b->r06b: mean_week +0.0050 -> +0.0050 (34.04s)
05:23:32 pair r13c->w04c: mean_week -0.0005 -> -0.0005 (87.39s)
05:24:19 pair r12c->r07b: mean_week +0.0031 -> +0.0031 (46.34s)
05:24:19 lessons: transfer mean_week +0.00000 [+0.00000, +0.00000]
05:24:48 pair r08a->r09a: mean_week -0.0017 -> -0.0017 (28.85s)
05:25:28 pair r03b->r01c: mean_week +0.0049 -> +0.0049 (39.07s)
05:26:04 pair r11a->r12b: mean_week -0.0039 -> -0.0039 (35.56s)
05:27:52 pair r10c->r13c: mean_week +0.0024 -> +0.0024 (107.13s)
05:28:28 pair r09a->r03b: mean_week +0.0185 -> +0.0185 (35.26s)
05:30:38 pair r04c->r10a: mean_week +0.0074 -> +0.0074 (128.46s)
05:32:57 pair r06c->r03c: mean_week +0.0058 -> +0.0058 (137.33s)
05:34:28 pair r02c->r10c: mean_week +0.0054 -> +0.0054 (89.39s)
05:35:12 pair r12a->w03c: mean_week +0.0027 -> +0.0027 (43.36s)
05:36:19 pair r07b->r05c: mean_week +0.0039 -> +0.0039 (65.73s)
05:36:47 pair r04a->r05b: mean_week +0.0019 -> +0.0019 (28.01s)
05:37:27 pair r02b->r02a: mean_week +0.0098 -> +0.0098 (38.63s)
05:40:13 pair r03c->r09c: mean_week -0.0055 -> -0.0055 (164.47s)
05:40:53 pair r12b->r06b: mean_week +0.0050 -> +0.0050 (39.15s)
05:42:42 pair r13c->w04c: mean_week -0.0005 -> -0.0005 (108.02s)
05:43:38 pair r12c->r07b: mean_week +0.0031 -> +0.0031 (55.12s)
05:43:38 mover_use: transfer in_band +0.00000 [+0.00000, +0.00000]
05:44:06 pair r08a->r09a: mean_week -0.0017 -> -0.0017 (27.25s)
05:44:43 pair r03b->r01c: mean_week +0.0049 -> +0.0049 (36.38s)
05:45:17 pair r11a->r12b: mean_week -0.0039 -> -0.0039 (33.43s)
05:46:58 pair r10c->r13c: mean_week +0.0024 -> +0.0024 (99.44s)
05:47:31 pair r09a->r03b: mean_week +0.0185 -> +0.0185 (33.04s)
05:49:33 pair r04c->r10a: mean_week +0.0074 -> +0.0074 (119.98s)
05:51:42 pair r06c->r03c: mean_week +0.0058 -> +0.0058 (127.49s)
05:53:06 pair r02c->r10c: mean_week +0.0054 -> +0.0054 (82.33s)
05:53:47 pair r12a->w03c: mean_week +0.0027 -> +0.0027 (40.16s)
05:54:48 pair r07b->r05c: mean_week +0.0039 -> +0.0039 (60.24s)
05:55:15 pair r04a->r05b: mean_week +0.0019 -> +0.0019 (26.56s)
05:55:52 pair r02b->r02a: mean_week +0.0098 -> +0.0098 (36.17s)
05:58:27 pair r03c->r09c: mean_week -0.0055 -> -0.0055 (153.14s)
05:59:03 pair r12b->r06b: mean_week +0.0050 -> +0.0050 (35.9s)
06:00:44 pair r13c->w04c: mean_week -0.0005 -> -0.0005 (99.44s)
06:01:36 pair r12c->r07b: mean_week +0.0031 -> +0.0031 (50.53s)
06:01:36 chain: transfer in_band +0.00000 [+0.00000, +0.00000]
06:02:03 pair r08a->r09a: mean_week -0.0017 -> +0.0167 (26.75s)
06:02:38 pair r03b->r01c: mean_week +0.0049 -> +0.0328 (34.39s)
06:03:10 pair r11a->r12b: mean_week -0.0039 -> +0.0351 (31.47s)
06:04:39 pair r10c->r13c: mean_week +0.0024 -> +0.0328 (88.18s)
06:04:40 done: passing learners none; valid True
