{"kind": "flip", "seed": 0, "world": "planted", "cycles": 227, "seconds": 875.0, "validations": 55, "promoted_sector_slope": 0, "first_promote": null, "promote_count": 0, "promoted_other": "", "applied": 0, "rolled_back": 0, "retired": "{}", "final_production": "incumbent", "last_verdict": "FAILED", "last_blocking": "out_of_sample,regime_in_force", "last_effect": -0.00013652349232662805, "last_t": -0.5264596145083007, "picked_weak_sector_share": 1.0, "monitor_min_t": null, "stage_failures": "", "weak_sector": "SEC1", "flip_date": "2020-04-20", "post_flip_promotions": 0, "promotion_regime": null, "promotion_stale_share": null, "held_by_regime": 1, "held_dates": "2020-07-03", "rollback_at": null, "rollback_why": null, "change_declared": null, "rollback_delay_weeks": null}
{"kind": "flip", "seed": 1, "world": "planted", "cycles": 227, "seconds": 735.8, "validations": 55, "promoted_sector_slope": 1, "first_promote": "2019-05-10", "promote_count": 1, "promoted_other": "", "applied": 1, "rolled_back": 1, "retired": "{\"sector_slope\": \"2020-07-31\"}", "final_production": "incumbent", "last_verdict": "FAILED", "last_blocking": "out_of_sample", "last_effect": -0.00016345032648366423, "last_t": -0.697030277461229, "picked_weak_sector_share": 0.9615384615384616, "monitor_min_t": -1.419160497998241, "stage_failures": "", "weak_sector": "SEC1", "flip_date": "2020-04-20", "post_flip_promotions": 0, "promotion_regime": "NO_CHANGE", "promotion_stale_share": 0.0, "held_by_regime": 0, "held_dates": "", "rollback_at": "2020-07-31", "rollback_why": "revalidation", "change_declared": "2020-07-03", "rollback_delay_weeks": 14.6}
{"kind": "flip", "seed": 2, "world": "planted", "cycles": 227, "seconds": 698.1, "validations": 55, "promoted_sector_slope": 0, "first_promote": null, "promote_count": 0, "promoted_other": "", "applied": 0, "rolled_back": 0, "retired": "{}", "final_production": "incumbent", "last_verdict": "FAILED", "last_blocking": "out_of_sample,regime_in_force", "last_effect": -0.0007614025108610738, "last_t": -2.635430215002205, "picked_weak_sector_share": 0.9818181818181818, "monitor_min_t": null, "stage_failures": "", "weak_sector": "SEC1", "flip_date": "2020-04-20", "post_flip_promotions": 0, "promotion_regime": null, "promotion_stale_share": null, "held_by_regime": 0, "held_dates": "", "rollback_at": null, "rollback_why": null, "change_declared": null, "rollback_delay_weeks": null}
{"kind": "flip", "seed": 3, "world": "planted", "cycles": 227, "seconds": 689.3, "validations": 55, "promoted_sector_slope": 1, "first_promote": "2020-02-14", "promote_count": 2, "promoted_other": "", "applied": 1, "rolled_back": 1, "retired": "{\"sector_slope\": \"2020-06-05\"}", "final_production": "incumbent", "last_verdict": "FAILED", "last_blocking": "out_of_sample", "last_effect": -2.961228453695269e-05, "last_t": -0.20422599924796647, "picked_weak_sector_share": 0.8113207547169812, "monitor_min_t": -0.41864150020329605, "stage_failures": "", "weak_sector": "SEC1", "flip_date": "2020-04-20", "post_flip_promotions": 0, "promotion_regime": "NO_CHANGE", "promotion_stale_share": 0.0, "held_by_regime": 0, "held_dates": "", "rollback_at": "2020-06-05", "rollback_why": "revalidation", "change_declared": "2020-05-29", "rollback_delay_weeks": 6.6}
{"kind": "flip", "seed": 4, "world": "planted", "cycles": 227, "seconds": 737.4, "validations": 55, "promoted_sector_slope": 0, "first_promote": null, "promote_count": 0, "promoted_other": "", "applied": 0, "rolled_back": 0, "retired": "{}", "final_production": "incumbent", "last_verdict": "FAILED", "last_blocking": "out_of_sample,regime_in_force", "last_effect": -0.000670058270442034, "last_t": -2.5733575272049447, "picked_weak_sector_share": 1.0, "monitor_min_t": null, "stage_failures": "", "weak_sector": "SEC1", "flip_date": "2020-04-20", "post_flip_promotions": 0, "promotion_regime": null, "promotion_stale_share": null, "held_by_regime": 0, "held_dates": "", "rollback_at": null, "rollback_why": null, "change_declared": null, "rollback_delay_weeks": null}
{"kind": "flip", "seed": 5, "world": "planted", "cycles": 227, "seconds": 712.1, "validations": 55, "promoted_sector_slope": 1, "first_promote": "2019-05-10", "promote_count": 2, "promoted_other": "", "applied": 1, "rolled_back": 1, "retired": "{\"sector_slope\": \"2020-09-25\"}", "final_production": "incumbent", "last_verdict": "FAILED", "last_blocking": "out_of_sample", "last_effect": -5.397984339918935e-05, "last_t": -0.1823179095690992, "picked_weak_sector_share": 0.9038461538461539, "monitor_min_t": -3.2191202958936675, "stage_failures": "", "weak_sector": "SEC1", "flip_date": "2020-04-20", "post_flip_promotions": 0, "promotion_regime": "NO_CHANGE", "promotion_stale_share": 0.0, "held_by_regime": 0, "held_dates": "", "rollback_at": "2020-09-25", "rollback_why": "degradation", "change_declared": null, "rollback_delay_weeks": 22.6}
{"kind": "planted", "seed": 0, "world": "planted", "cycles": 177, "seconds": 627.2, "validations": 43, "promoted_sector_slope": 1, "first_promote": "2020-01-17", "promote_count": 2, "promoted_other": "", "applied": 1, "rolled_back": 0, "retired": "{}", "final_production": "sector_slope", "last_verdict": "NEEDS_MORE_EVIDENCE", "last_blocking": "complexity,replication", "last_effect": 0.0009738944055652207, "last_t": 5.52136182936915, "picked_weak_sector_share": 1.0, "monitor_min_t": 2.7454327340675815, "stage_failures": "", "weak_sector": "SEC1", "flip_date": null, "post_flip_promotions": 0, "promotion_regime": "NO_CHANGE", "promotion_stale_share": 0.0, "held_by_regime": 0, "held_dates": "", "rollback_at": null, "rollback_why": null, "change_declared": null, "rollback_delay_weeks": null}
{"kind": "planted", "seed": 1, "world": "planted", "cycles": 177, "seconds": 549.9, "validations": 43, "promoted_sector_slope": 0, "first_promote": null, "promote_count": 0, "promoted_other": "", "applied": 0, "rolled_back": 0, "retired": "{}", "final_production": "incumbent", "last_verdict": "NEEDS_MORE_EVIDENCE", "last_blocking": "replication", "last_effect": 0.001059996740402764, "last_t": 6.710912447081989, "picked_weak_sector_share": 1.0, "monitor_min_t": null, "stage_failures": "", "weak_sector": "SEC1", "flip_date": null, "post_flip_promotions": 0, "promotion_regime": null, "promotion_stale_share": null, "held_by_regime": 0, "held_dates": "", "rollback_at": null, "rollback_why": null, "change_declared": null, "rollback_delay_weeks": null}
{"kind": "planted", "seed": 2, "world": "planted", "cycles": 177, "seconds": 507.4, "validations": 43, "promoted_sector_slope": 0, "first_promote": null, "promote_count": 0, "promoted_other": "", "applied": 0, "rolled_back": 0, "retired": "{}", "final_production": "incumbent", "last_verdict": "FAILED", "last_blocking": "risk", "last_effect": 0.0011642914789787794, "last_t": 6.580421199573915, "picked_weak_sector_share": 1.0, "monitor_min_t": null, "stage_failures": "", "weak_sector": "SEC1", "flip_date": null, "post_flip_promotions": 0, "promotion_regime": null, "promotion_stale_share": null, "held_by_regime": 0, "held_dates": "", "rollback_at": null, "rollback_why": null, "change_declared": null, "rollback_delay_weeks": null}
{"kind": "planted", "seed": 3, "world": "planted", "cycles": 177, "seconds": 572.1, "validations": 43, "promoted_sector_slope": 1, "first_promote": "2019-08-30", "promote_count": 1, "promoted_other": "", "applied": 1, "rolled_back": 0, "retired": "{}", "final_production": "sector_slope", "last_verdict": "FAILED", "last_blocking": "out_of_sample,transfer,regime_in_force", "last_effect": 0.00035129905512819033, "last_t": 1.8843758165023892, "picked_weak_sector_share": 1.0, "monitor_min_t": 1.5874798762782993, "stage_failures": "", "weak_sector": "SEC1", "flip_date": null, "post_flip_promotions": 0, "promotion_regime": "NO_CHANGE", "promotion_stale_share": 0.0, "held_by_regime": 0, "held_dates": "", "rollback_at": null, "rollback_why": null, "change_declared": null, "rollback_delay_weeks": null}
{"kind": "planted", "seed": 4, "world": "planted", "cycles": 177, "seconds": 513.3, "validations": 43, "promoted_sector_slope": 1, "first_promote": "2019-05-10", "promote_count": 1, "promoted_other": "", "applied": 1, "rolled_back": 0, "retired": "{}", "final_production": "sector_slope", "last_verdict": "FAILED", "last_blocking": "out_of_sample,regime_in_force", "last_effect": -0.00020847950468490064, "last_t": -0.9983813226925294, "picked_weak_sector_share": 1.0, "monitor_min_t": 2.4654890866412207, "stage_failures": "", "weak_sector": "SEC1", "flip_date": null, "post_flip_promotions": 0, "promotion_regime": "NO_CHANGE", "promotion_stale_share": 0.0, "held_by_regime": 2, "held_dates": "2019-06-07,2019-07-05", "rollback_at": null, "rollback_why": null, "change_declared": null, "rollback_delay_weeks": null}
{"kind": "planted", "seed": 5, "world": "planted", "cycles": 177, "seconds": 516.3, "validations": 43, "promoted_sector_slope": 0, "first_promote": null, "promote_count": 0, "promoted_other": "", "applied": 0, "rolled_back": 0, "retired": "{}", "final_production": "incumbent", "last_verdict": "QUARANTINED", "last_blocking": "leakage", "last_effect": 0.0006072566564445174, "last_t": 2.7851043277870833, "picked_weak_sector_share": 1.0, "monitor_min_t": null, "stage_failures": "", "weak_sector": "SEC1", "flip_date": null, "post_flip_promotions": 0, "promotion_regime": null, "promotion_stale_share": null, "held_by_regime": 0, "held_dates": "", "rollback_at": null, "rollback_why": null, "change_declared": null, "rollback_delay_weeks": null}
{"kind": "null", "seed": 0, "world": "null", "cycles": 177, "seconds": 456.7, "validations": 43, "promoted_sector_slope": 0, "first_promote": null, "promote_count": 0, "promoted_other": "", "applied": 0, "rolled_back": 0, "retired": "{}", "final_production": "incumbent", "last_verdict": "FAILED", "last_blocking": "out_of_sample", "last_effect": -2.2824709465993156e-05, "last_t": -1.6018492205224482, "picked_weak_sector_share": 0.4883720930232558, "monitor_min_t": null, "stage_failures": "", "weak_sector": null, "flip_date": null, "post_flip_promotions": 0, "promotion_regime": null, "promotion_stale_share": null, "held_by_regime": 0, "held_dates": "", "rollback_at": null, "rollback_why": null, "change_declared": null, "rollback_delay_weeks": null}
{"kind": "null", "seed": 1, "world": "null", "cycles": 177, "seconds": 359.9, "validations": 43, "promoted_sector_slope": 0, "first_promote": null, "promote_count": 0, "promoted_other": "", "applied": 0, "rolled_back": 0, "retired": "{}", "final_production": "incumbent", "last_verdict": "FAILED", "last_blocking": "out_of_sample", "last_effect": 1.012204063532117e-05, "last_t": 0.4159782237320051, "picked_weak_sector_share": 0.047619047619047616, "monitor_min_t": null, "stage_failures": "", "weak_sector": null, "flip_date": null, "post_flip_promotions": 0, "promotion_regime": null, "promotion_stale_share": null, "held_by_regime": 0, "held_dates": "", "rollback_at": null, "rollback_why": null, "change_declared": null, "rollback_delay_weeks": null}
{"kind": "null", "seed": 2, "world": "null", "cycles": 177, "seconds": 347.8, "validations": 43, "promoted_sector_slope": 0, "first_promote": null, "promote_count": 0, "promoted_other": "", "applied": 0, "rolled_back": 0, "retired": "{}", "final_production": "incumbent", "last_verdict": "FAILED", "last_blocking": "out_of_sample", "last_effect": -5.843318573505129e-05, "last_t": -1.7014921211135678, "picked_weak_sector_share": 0.38095238095238093, "monitor_min_t": null, "stage_failures": "", "weak_sector": null, "flip_date": null, "post_flip_promotions": 0, "promotion_regime": null, "promotion_stale_share": null, "held_by_regime": 0, "held_dates": "", "rollback_at": null, "rollback_why": null, "change_declared": null, "rollback_delay_weeks": null}
{"kind": "null", "seed": 3, "world": "null", "cycles": 177, "seconds": 368.4, "validations": 43, "promoted_sector_slope": 0, "first_promote": null, "promote_count": 0, "promoted_other": "", "applied": 0, "rolled_back": 0, "retired": "{}", "final_production": "incumbent", "last_verdict": "FAILED", "last_blocking": "out_of_sample", "last_effect": -7.000895987285305e-05, "last_t": -1.67515977823973, "picked_weak_sector_share": 0.07142857142857142, "monitor_min_t": null, "stage_failures": "", "weak_sector": null, "flip_date": null, "post_flip_promotions": 0, "promotion_regime": null, "promotion_stale_share": null, "held_by_regime": 0, "held_dates": "", "rollback_at": null, "rollback_why": null, "change_declared": null, "rollback_delay_weeks": null}
{"kind": "null", "seed": 4, "world": "null", "cycles": 177, "seconds": 359.5, "validations": 43, "promoted_sector_slope": 0, "first_promote": null, "promote_count": 0, "promoted_other": "", "applied": 0, "rolled_back": 0, "retired": "{}", "final_production": "incumbent", "last_verdict": "FAILED", "last_blocking": "out_of_sample", "last_effect": -1.3375571381682902e-05, "last_t": -0.9330849094122459, "picked_weak_sector_share": 0.3488372093023256, "monitor_min_t": null, "stage_failures": "", "weak_sector": null, "flip_date": null, "post_flip_promotions": 0, "promotion_regime": null, "promotion_stale_share": null, "held_by_regime": 0, "held_dates": "", "rollback_at": null, "rollback_why": null, "change_declared": null, "rollback_delay_weeks": null}
{"kind": "null", "seed": 5, "world": "null", "cycles": 177, "seconds": 359.0, "validations": 43, "promoted_sector_slope": 0, "first_promote": null, "promote_count": 0, "promoted_other": "", "applied": 0, "rolled_back": 0, "retired": "{}", "final_production": "incumbent", "last_verdict": "FAILED", "last_blocking": "out_of_sample", "last_effect": -3.221923348873984e-05, "last_t": -1.1567057297290755, "picked_weak_sector_share": 0.7619047619047619, "monitor_min_t": null, "stage_failures": "", "weak_sector": null, "flip_date": null, "post_flip_promotions": 0, "promotion_regime": null, "promotion_stale_share": null, "held_by_regime": 0, "held_dates": "", "rollback_at": null, "rollback_why": null, "change_declared": null, "rollback_delay_weeks": null}
{
 "flip": {
  "n": 6,
  "promote_rate": 0.5,
  "promoted_seeds": [
   1,
   3,
   5
  ],
  "any_other_fix_promoted": 0,
  "rollback_rate": 0.5,
  "first_promote": [
   "2019-05-10",
   "2019-05-10",
   "2020-02-14"
  ],
  "last_verdicts": {
   "FAILED": 6
  },
  "stage_failures": 0,
  "post_flip_promotions": 0,
  "held_by_regime": 1,
  "rollback_delay_weeks": [
   6.6,
   14.6,
   22.6
  ],
  "rollback_why": {
   "revalidation": 2,
   "degradation": 1
  }
 },
 "null": {
  "n": 6,
  "promote_rate": 0.0,
  "promoted_seeds": [],
  "any_other_fix_promoted": 0,
  "rollback_rate": 0.0,
  "first_promote": [],
  "last_verdicts": {
   "FAILED": 6
  },
  "stage_failures": 0,
  "post_flip_promotions": 0,
  "held_by_regime": 0,
  "rollback_delay_weeks": [],
  "rollback_why": {}
 },
 "planted": {
  "n": 6,
  "promote_rate": 0.5,
  "promoted_seeds": [
   0,
   3,
   4
  ],
  "any_other_fix_promoted": 0,
  "rollback_rate": 0.0,
  "first_promote": [
   "2019-05-10",
   "2019-08-30",
   "2020-01-17"
  ],
  "last_verdicts": {
   "FAILED": 3,
   "NEEDS_MORE_EVIDENCE": 2,
   "QUARANTINED": 1
  },
  "stage_failures": 0,
  "post_flip_promotions": 0,
  "held_by_regime": 2,
  "rollback_delay_weeks": [],
  "rollback_why": {}
 },
 "rollback_delay_curve_snr0.8": [
  {
   "shift": -1.0,
   "rollback_prob": 0.56,
   "median_weeks": 17.5,
   "p90_weeks": 46.0,
   "max_weeks_seen": 51.0,
   "false_rollback": 0.0
  },
  {
   "shift": -1.5,
   "rollback_prob": 0.9,
   "median_weeks": 10.0,
   "p90_weeks": 27.10000000000001,
   "max_weeks_seen": 49.0,
   "false_rollback": 0.0
  },
  {
   "shift": -2.0,
   "rollback_prob": 0.99,
   "median_weeks": 7.0,
   "p90_weeks": 16.200000000000003,
   "max_weeks_seen": 35.0,
   "false_rollback": 0.0
  },
  {
   "shift": -3.0,
   "rollback_prob": 1.0,
   "median_weeks": 6.0,
   "p90_weeks": 6.0,
   "max_weeks_seen": 13.0,
   "false_rollback": 0.0
  }
 ]
}
