    23s 45 windows, adaptive=False, basis v1
    30s [1/45] r01a base +0.515%/wk, 2557 episodes, wrapper parity True
    33s [2/45] r01b base -0.222%/wk, 126 episodes, wrapper parity True
    35s [3/45] r01c base +1.805%/wk, 598 episodes
    37s [4/45] r02a base +1.868%/wk, 646 episodes
    39s [5/45] r02b base +2.950%/wk, 522 episodes
    46s [6/45] r02c base -0.882%/wk, 1868 episodes
    48s [7/45] r03a base +1.160%/wk, 234 episodes
    50s [8/45] r03b base +1.636%/wk, 522 episodes
    59s [9/45] r03c base -1.184%/wk, 3526 episodes
    60s [10/45] r04a base +0.144%/wk, 214 episodes
    64s [11/45] r04b base -0.583%/wk, 1838 episodes
    71s [12/45] r04c base +0.371%/wk, 2681 episodes
    74s [13/45] r05a base -0.648%/wk, 962 episodes
    75s [14/45] r05b base +1.107%/wk, 249 episodes
    79s [15/45] r05c base +1.965%/wk, 1392 episodes
    81s [16/45] r06a base +0.322%/wk, 129 episodes
    84s [17/45] r06b base +2.211%/wk, 675 episodes
    93s [18/45] r06c base +0.149%/wk, 3030 episodes
   100s [19/45] r07a base -0.076%/wk, 3976 episodes
   102s [20/45] r07b base -0.635%/wk, 1161 episodes
   104s [21/45] r07c base -0.178%/wk, 218 episodes
   105s [22/45] r08a base -0.100%/wk, 245 episodes
   106s [23/45] r08b base +1.354%/wk, 251 episodes
   107s [24/45] r08c base +0.680%/wk, 126 episodes
   109s [25/45] r09a base +2.545%/wk, 382 episodes
   115s [26/45] r09b base -0.374%/wk, 2952 episodes
   124s [27/45] r09c base +0.316%/wk, 4431 episodes
   132s [28/45] r10a base +2.936%/wk, 3191 episodes
   136s [29/45] r10b base +1.122%/wk, 1997 episodes
   141s [30/45] r10c base +1.932%/wk, 2114 episodes
   142s [31/45] r11a base -0.019%/wk, 420 episodes
   146s [32/45] r11b base +1.054%/wk, 1691 episodes
   147s [33/45] r11c base +0.703%/wk, 131 episodes
   149s [34/45] r12a base +0.585%/wk, 646 episodes
   151s [35/45] r12b base +1.136%/wk, 546 episodes
   153s [36/45] r12c base +1.596%/wk, 884 episodes
   156s [37/45] r13a base +0.822%/wk, 1017 episodes
   161s [38/45] r13b base +0.072%/wk, 2567 episodes
   165s [39/45] r13c base +0.106%/wk, 2103 episodes
   166s [40/45] w01a base +0.632%/wk, 131 episodes
   167s [41/45] w01b base +0.598%/wk, 132 episodes
   172s [42/45] w01c base +0.892%/wk, 2449 episodes
   177s [43/45] w02a base +2.902%/wk, 1497 episodes
   180s [44/45] w02b base +0.399%/wk, 145 episodes
   182s [45/45] w02c base +0.791%/wk, 714 episodes
   186s fold 0: other-windows book has 18 lessons
   190s fold 1: other-windows book has 14 lessons
   194s fold 2: other-windows book has 13 lessons
   198s fold 3: other-windows book has 13 lessons
   203s fold 4: other-windows book has 14 lessons
   207s fold 5: other-windows book has 15 lessons
   213s   r01a: a -0.779% b +0.240% c +0.240% (lessons a/b 18/2, picks changed a/b/c 44/50/50)
   217s   r01b: a -0.100% b +0.000% c +0.000% (lessons a/b 14/0, picks changed a/b/c 6/0/0)
   220s   r01c: a +0.242% b -0.632% c -0.632% (lessons a/b 13/1, picks changed a/b/c 37/5/5)
   224s   r02a: a -1.283% b +0.000% c +0.000% (lessons a/b 13/0, picks changed a/b/c 43/0/0)
   227s   r02b: a -0.398% b +0.000% c +0.000% (lessons a/b 14/3, picks changed a/b/c 22/0/0)
   233s   r02c: a -0.605% b +0.000% c +0.000% (lessons a/b 15/1, picks changed a/b/c 43/0/0)
   236s   r03a: a +0.219% b +0.000% c +0.000% (lessons a/b 18/0, picks changed a/b/c 34/0/0)
   240s   r03b: a -0.071% b +0.000% c +0.000% (lessons a/b 14/0, picks changed a/b/c 6/0/0)
   247s   r03c: a -0.359% b +0.000% c +0.000% (lessons a/b 13/5, picks changed a/b/c 35/0/0)
   250s   r04a: a -0.613% b +0.000% c +0.000% (lessons a/b 13/0, picks changed a/b/c 39/0/0)
   254s   r04b: a -0.943% b -0.271% c -0.271% (lessons a/b 14/4, picks changed a/b/c 31/14/14)
   260s   r04c: a -0.490% b -1.014% c -1.014% (lessons a/b 15/3, picks changed a/b/c 48/37/37)
   264s   r05a: a -0.027% b +0.000% c +0.000% (lessons a/b 18/1, picks changed a/b/c 14/0/0)
   267s   r05b: a +0.149% b +0.000% c +0.000% (lessons a/b 14/0, picks changed a/b/c 11/0/0)
   271s   r05c: a -0.890% b +0.614% c +0.614% (lessons a/b 13/2, picks changed a/b/c 26/42/42)
   275s   r06a: a -0.114% b +0.000% c +0.000% (lessons a/b 13/0, picks changed a/b/c 32/0/0)
   279s   r06b: a -0.587% b +0.000% c +0.000% (lessons a/b 14/0, picks changed a/b/c 28/0/0)
   286s   r06c: a -0.914% b -0.642% c -0.642% (lessons a/b 15/8, picks changed a/b/c 50/52/52)
   295s   r07a: a +0.146% b +0.302% c +0.302% (lessons a/b 18/6, picks changed a/b/c 48/52/52)
   300s   r07b: a -0.479% b -0.768% c -0.768% (lessons a/b 14/1, picks changed a/b/c 10/4/4)
   304s   r07c: a +0.501% b +0.000% c +0.000% (lessons a/b 13/0, picks changed a/b/c 39/0/0)
   308s   r08a: a +0.317% b +0.000% c +0.000% (lessons a/b 13/0, picks changed a/b/c 33/0/0)
   312s   r08b: a +0.698% b +0.201% c +0.201% (lessons a/b 14/2, picks changed a/b/c 33/6/6)
   315s   r08c: a -0.464% b +0.000% c +0.000% (lessons a/b 15/0, picks changed a/b/c 24/0/0)
   318s   r09a: a -1.011% b +0.233% c +0.233% (lessons a/b 18/2, picks changed a/b/c 27/23/23)
   325s   r09b: a +0.343% b +0.000% c +0.000% (lessons a/b 14/4, picks changed a/b/c 34/0/0)
   335s   r09c: a +0.413% b +0.000% c +0.000% (lessons a/b 13/2, picks changed a/b/c 30/0/0)
   342s   r10a: a -0.352% b -0.067% c -0.067% (lessons a/b 13/4, picks changed a/b/c 43/29/29)
   348s   r10b: a +0.399% b +0.000% c +0.000% (lessons a/b 14/3, picks changed a/b/c 50/0/0)
   353s   r10c: a -0.393% b -0.949% c -0.949% (lessons a/b 15/3, picks changed a/b/c 45/1/1)
   358s   r11a: a -0.215% b +0.000% c +0.000% (lessons a/b 18/0, picks changed a/b/c 27/0/0)
   366s   r11b: a +0.024% b +0.000% c +0.000% (lessons a/b 14/3, picks changed a/b/c 7/0/0)
   369s   r11c: a +0.268% b +0.000% c +0.000% (lessons a/b 13/0, picks changed a/b/c 37/0/0)
   373s   r12a: a +1.552% b +0.000% c +0.000% (lessons a/b 13/0, picks changed a/b/c 31/0/0)
   377s   r12b: a +0.863% b +0.000% c +0.000% (lessons a/b 14/0, picks changed a/b/c 27/0/0)
   381s   r12c: a -0.302% b +0.343% c +0.343% (lessons a/b 15/2, picks changed a/b/c 30/21/21)
   385s   r13a: a +0.147% b +0.000% c +0.000% (lessons a/b 18/0, picks changed a/b/c 6/0/0)
   391s   r13b: a -0.684% b -0.790% c -0.790% (lessons a/b 14/6, picks changed a/b/c 46/39/39)
   397s   r13c: a +0.160% b +0.000% c +0.000% (lessons a/b 13/6, picks changed a/b/c 22/0/0)
   401s   w01a: a -0.036% b +0.000% c +0.000% (lessons a/b 13/0, picks changed a/b/c 30/0/0)
   404s   w01b: a -0.215% b +0.000% c +0.000% (lessons a/b 14/0, picks changed a/b/c 10/0/0)
   411s   w01c: a +0.159% b +0.234% c +0.234% (lessons a/b 15/5, picks changed a/b/c 42/25/25)
   417s   w02a: a -2.861% b +0.000% c +0.000% (lessons a/b 18/1, picks changed a/b/c 48/0/0)
   420s   w02b: a +0.163% b +0.000% c +0.000% (lessons a/b 14/0, picks changed a/b/c 4/0/0)
   424s   w02c: a -0.012% b +0.000% c +0.000% (lessons a/b 13/1, picks changed a/b/c 25/0/0)
   425s positive control: RecallControl (memorises winning rows)
   430s [1/45] r01a base +0.515%/wk, 2557 episodes
   431s [2/45] r01b base -0.222%/wk, 126 episodes
   433s [3/45] r01c base +1.805%/wk, 598 episodes
   434s [4/45] r02a base +1.868%/wk, 646 episodes
   436s [5/45] r02b base +2.950%/wk, 522 episodes
   440s [6/45] r02c base -0.882%/wk, 1868 episodes
   441s [7/45] r03a base +1.160%/wk, 234 episodes
   442s [8/45] r03b base +1.636%/wk, 522 episodes
   448s [9/45] r03c base -1.184%/wk, 3526 episodes
   449s [10/45] r04a base +0.144%/wk, 214 episodes
   453s [11/45] r04b base -0.583%/wk, 1838 episodes
   457s [12/45] r04c base +0.371%/wk, 2681 episodes
   460s [13/45] r05a base -0.648%/wk, 962 episodes
   462s [14/45] r05b base +1.107%/wk, 249 episodes
   465s [15/45] r05c base +1.965%/wk, 1392 episodes
   466s [16/45] r06a base +0.322%/wk, 129 episodes
   468s [17/45] r06b base +2.211%/wk, 675 episodes
   474s [18/45] r06c base +0.149%/wk, 3030 episodes
   483s [19/45] r07a base -0.076%/wk, 3976 episodes
   485s [20/45] r07b base -0.635%/wk, 1161 episodes
   487s [21/45] r07c base -0.178%/wk, 218 episodes
   489s [22/45] r08a base -0.100%/wk, 245 episodes
   490s [23/45] r08b base +1.354%/wk, 251 episodes
   491s [24/45] r08c base +0.680%/wk, 126 episodes
   493s [25/45] r09a base +2.545%/wk, 382 episodes
   500s [26/45] r09b base -0.374%/wk, 2952 episodes
   510s [27/45] r09c base +0.316%/wk, 4431 episodes
   517s [28/45] r10a base +2.936%/wk, 3191 episodes
   523s [29/45] r10b base +1.122%/wk, 1997 episodes
   528s [30/45] r10c base +1.932%/wk, 2114 episodes
   531s [31/45] r11a base -0.019%/wk, 420 episodes
   536s [32/45] r11b base +1.054%/wk, 1691 episodes
   537s [33/45] r11c base +0.703%/wk, 131 episodes
   540s [34/45] r12a base +0.585%/wk, 646 episodes
   542s [35/45] r12b base +1.136%/wk, 546 episodes
   546s [36/45] r12c base +1.596%/wk, 884 episodes
   550s [37/45] r13a base +0.822%/wk, 1017 episodes
   556s [38/45] r13b base +0.072%/wk, 2567 episodes
   561s [39/45] r13c base +0.106%/wk, 2103 episodes
   563s [40/45] w01a base +0.632%/wk, 131 episodes
   564s [41/45] w01b base +0.598%/wk, 132 episodes
   570s [42/45] w01c base +0.892%/wk, 2449 episodes
   575s [43/45] w02a base +2.902%/wk, 1497 episodes
   577s [44/45] w02b base +0.399%/wk, 145 episodes
   579s [45/45] w02c base +0.791%/wk, 714 episodes
   581s fold 0: other-windows book has 1 lessons
   582s fold 1: other-windows book has 1 lessons
   584s fold 2: other-windows book has 1 lessons
   585s fold 3: other-windows book has 1 lessons
   587s fold 4: other-windows book has 1 lessons
   588s fold 5: other-windows book has 1 lessons
   597s   r01a: a +0.000% b +5.139% c +0.000% (lessons a/b 1/1, picks changed a/b/c 0/51/0)
   602s   r01b: a +0.138% b +1.505% c +0.000% (lessons a/b 1/1, picks changed a/b/c 32/31/0)
   607s   r01c: a +0.000% b +4.590% c +0.000% (lessons a/b 1/1, picks changed a/b/c 0/41/0)
   613s   r02a: a +0.000% b +4.079% c +0.000% (lessons a/b 1/1, picks changed a/b/c 0/40/0)
   619s   r02b: a -0.137% b +3.398% c +0.000% (lessons a/b 1/1, picks changed a/b/c 7/38/0)
   626s   r02c: a +0.000% b +5.368% c +0.000% (lessons a/b 1/1, picks changed a/b/c 0/46/0)
   632s   r03a: a +0.000% b +3.608% c +0.000% (lessons a/b 1/1, picks changed a/b/c 0/47/0)
   637s   r03b: a -0.566% b +4.403% c +0.000% (lessons a/b 1/1, picks changed a/b/c 15/44/0)
   648s   r03c: a +0.000% b +10.727% c +0.000% (lessons a/b 1/1, picks changed a/b/c 0/50/0)
   652s   r04a: a -0.162% b +4.538% c +0.000% (lessons a/b 1/1, picks changed a/b/c 48/40/0)
   659s   r04b: a -0.167% b +3.238% c +0.000% (lessons a/b 1/1, picks changed a/b/c 10/40/0)
   667s   r04c: a +0.116% b +4.835% c +0.000% (lessons a/b 1/1, picks changed a/b/c 36/50/0)
   671s   r05a: a +0.000% b +4.484% c +0.000% (lessons a/b 1/1, picks changed a/b/c 0/45/0)
   675s   r05b: a -0.092% b +3.184% c +0.000% (lessons a/b 1/1, picks changed a/b/c 6/45/0)
   680s   r05c: a +0.000% b +9.162% c +0.000% (lessons a/b 1/1, picks changed a/b/c 0/44/0)
   683s   r06a: a -0.096% b +1.414% c +0.000% (lessons a/b 1/1, picks changed a/b/c 33/26/0)
   687s   r06b: a -0.127% b +4.248% c +0.000% (lessons a/b 1/1, picks changed a/b/c 4/44/0)
   695s   r06c: a -0.467% b +5.183% c +0.000% (lessons a/b 1/1, picks changed a/b/c 25/52/0)
   703s   r07a: a +0.487% b +6.278% c +0.000% (lessons a/b 1/1, picks changed a/b/c 28/53/0)
   708s   r07b: a +0.000% b +9.479% c +0.000% (lessons a/b 1/1, picks changed a/b/c 0/52/0)
   711s   r07c: a -0.446% b +5.553% c +0.000% (lessons a/b 1/1, picks changed a/b/c 20/43/0)
   714s   r08a: a +0.000% b +3.989% c +0.000% (lessons a/b 1/1, picks changed a/b/c 0/43/0)
   717s   r08b: a +0.491% b +3.594% c +0.000% (lessons a/b 1/1, picks changed a/b/c 16/42/0)
   721s   r08c: a +0.000% b +1.134% c +0.000% (lessons a/b 1/1, picks changed a/b/c 0/36/0)
   725s   r09a: a +0.088% b +4.331% c +0.000% (lessons a/b 1/1, picks changed a/b/c 5/47/0)
   733s   r09b: a +0.000% b +4.381% c +0.000% (lessons a/b 1/1, picks changed a/b/c 0/48/0)
   742s   r09c: a +0.000% b +8.803% c +0.000% (lessons a/b 1/1, picks changed a/b/c 0/52/0)
   752s   r10a: a +0.000% b +5.714% c +0.000% (lessons a/b 1/1, picks changed a/b/c 0/50/0)
   759s   r10b: a +0.000% b +8.670% c +0.000% (lessons a/b 1/1, picks changed a/b/c 0/51/0)
   766s   r10c: a +0.000% b +7.153% c +0.000% (lessons a/b 1/1, picks changed a/b/c 0/47/0)
   771s   r11a: a +0.000% b +4.436% c +0.000% (lessons a/b 1/1, picks changed a/b/c 0/42/0)
   778s   r11b: a -0.929% b +5.268% c +0.000% (lessons a/b 1/1, picks changed a/b/c 42/47/0)
   785s   r11c: a -0.474% b +2.593% c +0.000% (lessons a/b 1/1, picks changed a/b/c 41/44/0)
   790s   r12a: a +0.000% b +4.122% c +0.000% (lessons a/b 1/1, picks changed a/b/c 0/46/0)
   794s   r12b: a +0.000% b +4.408% c +0.000% (lessons a/b 1/1, picks changed a/b/c 0/42/0)
   799s   r12c: a +0.000% b +4.827% c +0.000% (lessons a/b 1/1, picks changed a/b/c 0/47/0)
   803s   r13a: a +0.000% b +4.375% c +0.000% (lessons a/b 1/1, picks changed a/b/c 0/44/0)
   809s   r13b: a +0.000% b +7.086% c +0.000% (lessons a/b 1/1, picks changed a/b/c 0/51/0)
   815s   r13c: a -0.081% b +4.492% c +0.000% (lessons a/b 1/1, picks changed a/b/c 29/49/0)
   819s   w01a: a +0.000% b +1.742% c +0.000% (lessons a/b 1/1, picks changed a/b/c 0/37/0)
   822s   w01b: a +0.000% b +1.650% c +0.000% (lessons a/b 1/1, picks changed a/b/c 0/35/0)
   828s   w01c: a +0.000% b +6.012% c +0.000% (lessons a/b 1/1, picks changed a/b/c 0/52/0)
   833s   w02a: a -0.074% b +11.017% c +0.000% (lessons a/b 1/1, picks changed a/b/c 28/48/0)
   836s   w02b: a +0.000% b +1.172% c +0.000% (lessons a/b 1/1, picks changed a/b/c 0/37/0)
   841s   w02c: a +0.000% b +6.050% c +0.000% (lessons a/b 1/1, picks changed a/b/c 0/42/0)
   966s saved lesson book version 2 (14 lessons)
{"gain_a": -0.0018794391511072431, "gain_b": -0.0006659928482771396, "gain_c": -0.0006659928482771396, "b_minus_c": 0.0, "memorised": 0, "with_lessons": 26, "control_b_minus_c": 0.04920737866873917, "seconds": 966}
