04:10:16 learner search 'ls3_s12' seed 12, code edda1bb652cddaba
04:10:22 selfcheck generaliser: {'verdict': 'GENERALISING', 'same': 0.06153192510869163, 'effect': 0.06153192510869163, 'transfer': 0.06277634149520323}
04:10:27 selfcheck memoriser: {'verdict': 'MEMORISATION', 'same': 0.08773189161673986, 'effect': 0.08773189161673986, 'transfer': 0.0}
04:10:32 selfcheck non_learner: {'verdict': 'NO_EFFECT', 'same': 0.0, 'effect': 0.0, 'transfer': 0.0}
04:11:07 learner selfcheck band/band_pool: {'want': 'learns', 'ok': True, 'transfer': 0.10625000000000001, 'lo': 0.037500000000000006, 'hi': 0.16250000000000003, 'pairs_changed': 8}
04:11:32 learner selfcheck lesson/lessons: {'want': 'learns', 'ok': True, 'transfer': 0.006520755309695624, 'lo': 0.005125581027150117, 'hi': 0.007612424899591199, 'pairs_changed': 4}
04:11:47 learner selfcheck null/band_pool: {'want': 'idle', 'ok': True, 'transfer': 0.0, 'lo': 0.0, 'hi': 0.0, 'pairs_changed': 0}
04:12:02 learner selfcheck flip/lessons: {'want': 'idle', 'ok': True, 'transfer': 0.0, 'lo': 0.0, 'hi': 0.0, 'pairs_changed': 0}
04:12:02 48 revealed windows; 16 past-only pairs: r01a->r06c, r09a->r02b, r08b->r11a, r06c->r03c, w02a->r04b, r11a->r12b, r03c->r09c, r08a->r09a, r12a->w03c, r05c->r11b, w03c->r13a, r10c->r13c, r12b->r06b, w02c->r05a, r02c->r10c, r05b->r03b
04:14:41 pair r01a->r06c: mean_week -0.0014 -> -0.0014 (155.88s)
04:15:13 pair r09a->r02b: mean_week +0.0185 -> +0.0174 (31.62s)
04:15:41 pair r08b->r11a: mean_week +0.0063 -> +0.0044 (26.81s)
04:17:38 pair r06c->r03c: mean_week +0.0058 -> +0.0058 (115.43s)
04:18:52 pair w02a->r04b: mean_week +0.0034 -> +0.0034 (73.38s)
04:19:24 pair r11a->r12b: mean_week -0.0039 -> +0.0022 (31.42s)
04:21:43 pair r03c->r09c: mean_week -0.0055 -> -0.0055 (136.39s)
04:22:10 pair r08a->r09a: mean_week -0.0017 -> +0.0018 (26.23s)
04:22:51 pair r12a->w03c: mean_week +0.0027 -> +0.0047 (39.72s)
04:23:56 pair r05c->r11b: mean_week +0.0195 -> +0.0195 (64.1s)
04:24:41 pair w03c->r13a: mean_week +0.0090 -> +0.0090 (44.99s)
04:26:12 pair r10c->r13c: mean_week +0.0024 -> +0.0024 (89.22s)
04:26:46 pair r12b->r06b: mean_week +0.0050 -> +0.0088 (33.92s)
04:27:25 pair w02c->r05a: mean_week +0.0030 -> +0.0079 (37.87s)
04:28:40 pair r02c->r10c: mean_week +0.0054 -> +0.0054 (73.86s)
04:29:08 pair r05b->r03b: mean_week +0.0127 -> +0.0102 (27.56s)
04:29:08 band_cfg: transfer in_band +0.01771 [+0.00000, +0.04495]
04:32:10 pair r01a->r06c: mean_week -0.0014 -> -0.0014 (181.03s)
04:32:43 pair r09a->r02b: mean_week +0.0185 -> +0.0185 (32.22s)
04:33:11 pair r08b->r11a: mean_week +0.0063 -> +0.0063 (27.31s)
04:35:11 pair r06c->r03c: mean_week +0.0058 -> +0.0058 (118.77s)
04:36:26 pair w02a->r04b: mean_week +0.0034 -> +0.0034 (73.32s)
04:36:58 pair r11a->r12b: mean_week -0.0039 -> -0.0039 (31.7s)
04:39:19 pair r03c->r09c: mean_week -0.0055 -> -0.0055 (138.88s)
04:39:46 pair r08a->r09a: mean_week -0.0017 -> -0.0017 (26.44s)
04:40:24 pair r12a->w03c: mean_week +0.0027 -> +0.0027 (37.28s)
04:41:29 pair r05c->r11b: mean_week +0.0195 -> +0.0195 (64.33s)
04:42:15 pair w03c->r13a: mean_week +0.0090 -> +0.0090 (45.32s)
04:43:46 pair r10c->r13c: mean_week +0.0024 -> +0.0024 (89.77s)
04:44:21 pair r12b->r06b: mean_week +0.0050 -> +0.0050 (34.19s)
04:45:00 pair w02c->r05a: mean_week +0.0030 -> +0.0030 (38.19s)
04:46:15 pair r02c->r10c: mean_week +0.0054 -> +0.0054 (73.84s)
04:46:43 pair r05b->r03b: mean_week +0.0127 -> +0.0127 (27.99s)
04:46:43 band_pool: transfer in_band +0.00000 [+0.00000, +0.00000]
04:48:32 pair r01a->r06c: mean_week -0.0014 -> -0.0014 (107.84s)
04:49:06 pair r09a->r02b: mean_week +0.0185 -> +0.0185 (32.57s)
04:49:34 pair r08b->r11a: mean_week +0.0063 -> +0.0063 (27.54s)
04:51:40 pair r06c->r03c: mean_week +0.0058 -> +0.0058 (124.16s)
04:53:06 pair w02a->r04b: mean_week +0.0034 -> +0.0034 (85.4s)
04:53:44 pair r11a->r12b: mean_week -0.0039 -> -0.0039 (36.44s)
04:56:37 pair r03c->r09c: mean_week -0.0055 -> -0.0055 (170.3s)
04:57:08 pair r08a->r09a: mean_week -0.0017 -> -0.0017 (29.91s)
04:57:50 pair r12a->w03c: mean_week +0.0027 -> +0.0027 (41.19s)
04:58:59 pair r05c->r11b: mean_week +0.0195 -> +0.0195 (68.31s)
04:59:47 pair w03c->r13a: mean_week +0.0090 -> +0.0090 (47.34s)
05:01:30 pair r10c->r13c: mean_week +0.0024 -> +0.0024 (101.47s)
05:02:06 pair r12b->r06b: mean_week +0.0050 -> +0.0050 (34.84s)
05:02:45 pair w02c->r05a: mean_week +0.0030 -> +0.0030 (39.07s)
05:04:06 pair r02c->r10c: mean_week +0.0054 -> +0.0054 (79.58s)
05:04:35 pair r05b->r03b: mean_week +0.0127 -> +0.0127 (28.17s)
05:04:35 regime_map: transfer in_band +0.00000 [+0.00000, +0.00000]
05:07:45 pair r01a->r06c: mean_week -0.0014 -> -0.0014 (188.5s)
05:08:18 pair r09a->r02b: mean_week +0.0185 -> +0.0185 (32.13s)
05:08:46 pair r08b->r11a: mean_week +0.0063 -> +0.0063 (27.46s)
05:10:47 pair r06c->r03c: mean_week +0.0058 -> +0.0058 (119.89s)
05:12:02 pair w02a->r04b: mean_week +0.0034 -> +0.0034 (73.42s)
05:12:34 pair r11a->r12b: mean_week -0.0039 -> -0.0039 (31.73s)
05:14:56 pair r03c->r09c: mean_week -0.0055 -> -0.0055 (140.29s)
05:15:23 pair r08a->r09a: mean_week -0.0017 -> -0.0017 (26.66s)
05:16:01 pair r12a->w03c: mean_week +0.0027 -> +0.0027 (37.17s)
05:17:06 pair r05c->r11b: mean_week +0.0195 -> +0.0195 (64.33s)
05:17:52 pair w03c->r13a: mean_week +0.0090 -> +0.0090 (45.17s)
05:19:24 pair r10c->r13c: mean_week +0.0024 -> +0.0024 (90.42s)
05:19:58 pair r12b->r06b: mean_week +0.0050 -> +0.0050 (34.04s)
05:20:37 pair w02c->r05a: mean_week +0.0030 -> +0.0030 (37.94s)
05:21:52 pair r02c->r10c: mean_week +0.0054 -> +0.0054 (73.85s)
05:22:21 pair r05b->r03b: mean_week +0.0127 -> +0.0127 (28.2s)
05:22:21 lessons: transfer mean_week +0.00000 [+0.00000, +0.00000]
05:24:23 pair r01a->r06c: mean_week -0.0014 -> -0.0014 (121.04s)
05:24:59 pair r09a->r02b: mean_week +0.0185 -> +0.0185 (35.52s)
05:25:30 pair r08b->r11a: mean_week +0.0063 -> +0.0063 (30.29s)
05:27:50 pair r06c->r03c: mean_week +0.0058 -> +0.0058 (138.31s)
05:29:18 pair w02a->r04b: mean_week +0.0034 -> +0.0034 (86.43s)
05:29:54 pair r11a->r12b: mean_week -0.0039 -> -0.0039 (35.52s)
05:32:41 pair r03c->r09c: mean_week -0.0055 -> -0.0055 (165.28s)
05:33:11 pair r08a->r09a: mean_week -0.0017 -> -0.0017 (29.23s)
05:33:56 pair r12a->w03c: mean_week +0.0027 -> +0.0027 (43.82s)
05:35:13 pair r05c->r11b: mean_week +0.0195 -> +0.0195 (76.26s)
05:36:07 pair w03c->r13a: mean_week +0.0090 -> +0.0090 (53.18s)
05:37:56 pair r10c->r13c: mean_week +0.0024 -> +0.0024 (107.31s)
05:38:36 pair r12b->r06b: mean_week +0.0050 -> +0.0050 (39.41s)
05:39:21 pair w02c->r05a: mean_week +0.0030 -> +0.0030 (44.46s)
05:40:51 pair r02c->r10c: mean_week +0.0054 -> +0.0054 (89.28s)
05:41:23 pair r05b->r03b: mean_week +0.0127 -> +0.0127 (31.27s)
05:41:23 mover_use: transfer in_band +0.00000 [+0.00000, +0.00000]
05:43:16 pair r01a->r06c: mean_week -0.0014 -> -0.0014 (111.51s)
05:43:51 pair r09a->r02b: mean_week +0.0185 -> +0.0185 (33.6s)
05:44:20 pair r08b->r11a: mean_week +0.0063 -> +0.0063 (28.57s)
05:46:29 pair r06c->r03c: mean_week +0.0058 -> +0.0058 (127.94s)
05:47:51 pair w02a->r04b: mean_week +0.0034 -> +0.0034 (80.46s)
05:48:25 pair r11a->r12b: mean_week -0.0039 -> -0.0039 (33.27s)
05:51:02 pair r03c->r09c: mean_week -0.0055 -> -0.0055 (155.26s)
05:51:30 pair r08a->r09a: mean_week -0.0017 -> -0.0017 (27.27s)
05:52:11 pair r12a->w03c: mean_week +0.0027 -> +0.0027 (40.37s)
05:53:22 pair r05c->r11b: mean_week +0.0195 -> +0.0195 (70.12s)
05:54:12 pair w03c->r13a: mean_week +0.0090 -> +0.0090 (49.2s)
05:55:53 pair r10c->r13c: mean_week +0.0024 -> +0.0024 (99.84s)
05:56:30 pair r12b->r06b: mean_week +0.0050 -> +0.0050 (36.1s)
05:57:12 pair w02c->r05a: mean_week +0.0030 -> +0.0030 (40.55s)
05:58:35 pair r02c->r10c: mean_week +0.0054 -> +0.0054 (82.23s)
05:59:05 pair r05b->r03b: mean_week +0.0127 -> +0.0127 (29.15s)
05:59:05 chain: transfer in_band +0.00000 [+0.00000, +0.00000]
06:00:41 pair r01a->r06c: mean_week -0.0014 -> +0.0466 (95.22s)
06:01:15 pair r09a->r02b: mean_week +0.0185 -> +0.0440 (32.53s)
06:01:43 pair r08b->r11a: mean_week +0.0063 -> +0.0224 (27.5s)
06:03:33 pair r06c->r03c: mean_week +0.0058 -> +0.0673 (108.73s)
06:03:33 done: passing learners none; valid True
